src/pages/HrDashboard.tsx(1,1): error TS6133: 'React' is declared but its value is never read.
src/pages/ManagerDashboard.tsx(17,10): error TS6133: 'entries' is declared but its value is never read.
